🔥 Deleting pods in cilium-test namespace...
🔥 Deleting cilium-test namespace...
⌛ Waiting for cilium-test namespace to be terminated...
⌛ Waiting to disable Hubble before uninstalling Cilium
⌛ Uninstalling Cilium
🔥 Deleting pods in cilium-test namespace...
🔥 Deleting cilium-test namespace...
⌛ Waiting for cilium-test namespace to be terminated...
🔥 Cleaning up Cilium node annotations...
+ id -u
+ [ 0 -eq 0 ]
+ K3S_DATA_DIR=/var/lib/rancher/k3s
+ /usr/local/bin/k3s-killall.sh
+ [ -s /etc/systemd/system/k3s.service ]
+ basename /etc/systemd/system/k3s.service
+ systemctl stop k3s.service
+ [ -x /etc/init.d/k3s* ]
+ killtree 3324 14165
+ kill -9 3324 3348 3512 14165 14190 14216 14251 14252
+ do_unmount_and_remove /run/k3s
+ set +x
sh -c 'umount -f "$0" && rm -rf "$0"' /run/k3s/containerd/io.containerd.runtime.v2.task/k8s.io/f4f4f29ff1da7da9451eddcd7211c49ed4c0c279b1a0182c2809998339d3ad0e/rootfs
sh -c 'umount -f "$0" && rm -rf "$0"' /run/k3s/containerd/io.containerd.runtime.v2.task/k8s.io/d8c055d50a1b84cc49c0ce0513e9358359be4b34b3a9c63154687fa78ed01919/rootfs
sh -c 'umount -f "$0" && rm -rf "$0"' /run/k3s/containerd/io.containerd.runtime.v2.task/k8s.io/40f3a8716a9350e4d5c92a534ba64f811f734cd41983ecbc2f0944f57ca30a9a/rootfs
sh -c 'umount -f "$0" && rm -rf "$0"' /run/k3s/containerd/io.containerd.runtime.v2.task/k8s.io/3031599c2ea5913a3db23717278389131f7f391dd44d6113af3dd0b9263a90dc/rootfs
sh -c 'umount -f "$0" && rm -rf "$0"' /run/k3s/containerd/io.containerd.grpc.v1.cri/sandboxes/d8c055d50a1b84cc49c0ce0513e9358359be4b34b3a9c63154687fa78ed01919/shm
sh -c 'umount -f "$0" && rm -rf "$0"' /run/k3s/containerd/io.containerd.grpc.v1.cri/sandboxes/40f3a8716a9350e4d5c92a534ba64f811f734cd41983ecbc2f0944f57ca30a9a/shm
+ do_unmount_and_remove /var/lib/kubelet/pods
+ set +x
sh -c 'umount -f "$0" && rm -rf "$0"' /var/lib/kubelet/pods/e7c293df-d29b-45b9-a0b6-7203481b9e2d/volumes/kubernetes.io~projected/kube-api-access-l64tl
sh -c 'umount -f "$0" && rm -rf "$0"' /var/lib/kubelet/pods/6b9d261a-0f9e-4290-b72a-240974806db7/volumes/kubernetes.io~projected/kube-api-access-gfhl9
+ do_unmount_and_remove /var/lib/kubelet/plugins
+ set +x
+ do_unmount_and_remove /run/netns/cni-
+ set +x
sh -c 'umount -f "$0" && rm -rf "$0"' /run/netns/cni-a0bc7cf4-b99e-5dce-c485-188a009dc6b7
sh -c 'umount -f "$0" && rm -rf "$0"' /run/netns/cni-33a4a4b6-e346-7a04-e33a-6991266ed85e
+ ip netns show
+ grep cni-
+ xargs -r -t -n 1 ip netns delete
+ remove_interfaces
+ ip link show
+ grep master cni0
+ read ignore iface ignore
+ ip link delete cni0
Cannot find device "cni0"
+ ip link delete flannel.1
Cannot find device "flannel.1"
+ ip link delete flannel-v6.1
Cannot find device "flannel-v6.1"
+ ip link delete kube-ipvs0
Cannot find device "kube-ipvs0"
+ ip link delete flannel-wg
Cannot find device "flannel-wg"
+ ip link delete flannel-wg-v6
Cannot find device "flannel-wg-v6"
+ command -v tailscale
+ [ -n  ]
+ rm -rf /var/lib/cni/
+ + grep -v CNI-iptables-save

+ grep -iv flannel
+ grep -v KUBE-
+ iptables-restore
+ grep -v KUBE-
+ ip6tables-save
+ grep -v CNI-
+ grep -iv flannel
+ ip6tables-restore
+ command -v systemctl
/usr/bin/systemctl
+ systemctl disable k3s
Removed "/etc/systemd/system/multi-user.target.wants/k3s.service".
+ systemctl reset-failed k3s
Failed to reset failed state of unit k3s.service: Unit k3s.service not loaded.
+ systemctl daemon-reload
+ command -v rc-update
+ rm -f /etc/systemd/system/k3s.service
+ rm -f /etc/systemd/system/k3s.service.env
+ trap remove_uninstall EXIT
+ [ -L /usr/local/bin/kubectl ]
+ rm -f /usr/local/bin/kubectl
+ [ -L /usr/local/bin/crictl ]
+ rm -f /usr/local/bin/crictl
+ [ -L /usr/local/bin/ctr ]
+ rm -f /usr/local/bin/ctr
+ rm -rf /etc/rancher/k3s
+ rm -rf /run/k3s
+ rm -rf /run/flannel
+ clean_mounted_directory /var/lib/rancher/k3s
+ grep -q  /var/lib/rancher/k3s /proc/mounts
+ rm -rf /var/lib/rancher/k3s
+ return 0
+ rm -rf /var/lib/kubelet
+ rm -f /usr/local/bin/k3s
+ rm -f /usr/local/bin/k3s-killall.sh
+ rpm_ostree_uninstall_cmd=rpm-ostree uninstall --idempotent k3s-selinux
+ [ -r /etc/os-release ]
+ . /etc/os-release
+ PRETTY_NAME=Ubuntu 24.04.4 LTS
+ NAME=Ubuntu
+ VERSION_ID=24.04
+ VERSION=24.04.4 LTS (Noble Numbat)
+ VERSION_CODENAME=noble
+ ID=ubuntu
+ ID_LIKE=debian
+ HOME_URL=https://www.ubuntu.com/
+ SUPPORT_URL=https://help.ubuntu.com/
+ BUG_REPORT_URL=https://bugs.launchpad.net/ubuntu/
+ PRIVACY_POLICY_URL=https://www.ubuntu.com/legal/terms-and-policies/privacy-policy
+ UBUNTU_CODENAME=noble
+ LOGO=ubuntu-logo
+ expr debian : .*suse.*
+ [ 0 != 0 ]
+ [ ubuntu = fedora ]
+ expr debian : .*fedora.*\|.*rhel.*\|.*centos.*
+ [ 0 != 0 ]
+ type rpm-ostree
+ type zypper
+ type yum
+ [ -d /usr/share/selinux ]
+ [ -d /etc/zypp/repos.d ]
+ [ -d /etc/yum.repos.d ]
+ remove_uninstall
+ rm -f /usr/local/bin/k3s-uninstall.sh
[2026-10-01T12:46:36Z] [cleanup] PASS: cleanup 완료
