[33m    /¯¯\
[36m /¯¯[33m\__/[32m¯¯\[0m    Cilium:             [32mOK[0m
[36m \__[31m/¯¯\[32m__/[0m    Operator:           [32mOK[0m
[32m /¯¯[31m\__/[35m¯¯\[0m    Envoy DaemonSet:    [32mOK[0m
[32m \__[34m/¯¯\[35m__/[0m    Hubble Relay:       [36mdisabled[0m
[34m[34m[34m    \__/[0m       ClusterMesh:        [36mdisabled[0m

DaemonSet              cilium                   Desired: 1, Ready: [32m1/1[0m, Available: [32m1/1[0m
DaemonSet              cilium-envoy             Desired: 1, Ready: [32m1/1[0m, Available: [32m1/1[0m
Deployment             cilium-operator          Desired: 1, Ready: [32m1/1[0m, Available: [32m1/1[0m
Containers:            cilium                   Running: [32m1[0m
                       cilium-envoy             Running: [32m1[0m
                       cilium-operator          Running: [32m1[0m
                       clustermesh-apiserver    
                       hubble-relay             
Cluster Pods:          2/3 managed by Cilium
Helm chart version:    1.20.2
Image versions         cilium             quay.io/cilium/cilium:v1.20.2@sha256:2939231d0d3e3ebddcd80fffa168b7ddcc78fdf0dc864d1c8c126ff523c54f01: 1
                       cilium-envoy       quay.io/cilium/cilium-envoy:v1.37.6-1789133542-cbec91f666af0bf742da986d43832932dbb26b82@sha256:af7382699576b9e65e9184efa52eeca0b58aea70ad6e511bf260c91d9f740463: 1
                       cilium-operator    quay.io/cilium/operator-generic:v1.20.2@sha256:64d8798350e8569b8e7622563fed6e44dce2625f311e4651b774816516c744fc: 1
node/lima-jasmin-poc-test condition met
Waiting for deployment "jasmin-sample" rollout to finish: 1 old replicas are pending termination...
error: timed out waiting for the condition
[2026-10-01T12:42:08Z] [verify] ERROR: 단계=verify, line=16, exit=1
[2026-10-01T12:42:08Z] [verify] FAILED: 단계=verify, exit=1. 원인을 해결한 뒤 install.sh를 다시 실행하세요.
[2026-10-01T12:42:08Z] [verify] 실패 원인 진단: Pod 상태·Service·최근 이벤트
NAMESPACE     NAME                             READY   STATUS             RESTARTS   AGE     IP             NODE                   NOMINATED NODE   READINESS GATES
jasmin-poc    jasmin-sample-745d6b88c7-8h4k6   0/1     ImagePullBackOff   0          21s     10.42.0.224    lima-jasmin-poc-test   <none>           <none>
jasmin-poc    jasmin-sample-7bc49bb68d-76lwx   1/1     Running            0          50s     10.42.0.18     lima-jasmin-poc-test   <none>           <none>
kube-system   cilium-envoy-gh728               1/1     Running            0          8m34s   192.168.5.15   lima-jasmin-poc-test   <none>           <none>
kube-system   cilium-h9xjg                     1/1     Running            0          8m34s   192.168.5.15   lima-jasmin-poc-test   <none>           <none>
kube-system   cilium-operator-7dcb85f7-gcbq7   1/1     Running            0          8m34s   192.168.5.15   lima-jasmin-poc-test   <none>           <none>
kube-system   coredns-fddcf74bb-fq9ff          1/1     Running            0          8m36s   10.42.0.161    lima-jasmin-poc-test   <none>           <none>
NAME                    TYPE       CLUSTER-IP     EXTERNAL-IP   PORT(S)        AGE     SELECTOR
service/jasmin-sample   NodePort   10.43.85.147   <none>        80:30080/TCP   5m49s   app=jasmin-sample

NAME                                                 ADDRESSTYPE   PORTS   ENDPOINTS                AGE
endpointslice.discovery.k8s.io/jasmin-sample-fwxps   IPv4          80      10.42.0.18,10.42.0.224   5m49s
Name:             jasmin-sample-745d6b88c7-8h4k6
Namespace:        jasmin-poc
Priority:         0
Service Account:  default
Node:             lima-jasmin-poc-test/192.168.5.15
Start Time:       Thu, 01 Oct 2026 21:41:47 +0900
Labels:           app=jasmin-sample
                  pod-template-hash=745d6b88c7
Annotations:      kubectl.kubernetes.io/restartedAt: 2026-10-01T21:40:34+09:00
Status:           Pending
IP:               10.42.0.224
IPs:
  IP:           10.42.0.224
Controlled By:  ReplicaSet/jasmin-sample-745d6b88c7
Containers:
  nginx:
    Container ID:   
    Image:          nginx:jasmin-poc-tag-does-not-exist
    Image ID:       
    Port:           80/TCP (http)
    Host Port:      0/TCP (http)
    State:          Waiting
      Reason:       ImagePullBackOff
    Ready:          False
    Restart Count:  0
    Limits:
      cpu:     500m
      memory:  128Mi
    Requests:
      cpu:        50m
      memory:     32Mi
    Liveness:     http-get http://:http/ delay=10s timeout=1s period=10s #success=1 #failure=3
    Readiness:    http-get http://:http/ delay=2s timeout=1s period=3s #success=1 #failure=3
    Environment:  <none>
    Mounts:
      /usr/share/nginx/html from html (ro)
      /var/run/secrets/kubernetes.io/serviceaccount from kube-api-access-dl45f (ro)
Conditions:
  Type                        Status
  PodReadyToStartContainers   True 
  Initialized                 True 
  Ready                       False 
  ContainersReady             False 
  PodScheduled                True 
Volumes:
  html:
    Type:      ConfigMap (a volume populated by a ConfigMap)
    Name:      jasmin-sample-html
    Optional:  false
  kube-api-access-dl45f:
    Type:                    Projected (a volume that contains injected data from multiple sources)
    TokenExpirationSeconds:  3607
    ConfigMapName:           kube-root-ca.crt
    Optional:                false
    DownwardAPI:             true
QoS Class:                   Burstable
Node-Selectors:              <none>
Tolerations:                 node.kubernetes.io/not-ready:NoExecute op=Exists for 300s
                             node.kubernetes.io/unreachable:NoExecute op=Exists for 300s
Events:
  Type     Reason     Age               From               Message
  ----     ------     ----              ----               -------
  Normal   Scheduled  21s               default-scheduler  Successfully assigned jasmin-poc/jasmin-sample-745d6b88c7-8h4k6 to lima-jasmin-poc-test
  Normal   BackOff    19s               kubelet            Back-off pulling image "nginx:jasmin-poc-tag-does-not-exist"
  Warning  Failed     19s               kubelet            Error: ImagePullBackOff
  Normal   Pulling    6s (x2 over 21s)  kubelet            Pulling image "nginx:jasmin-poc-tag-does-not-exist"
  Warning  Failed     5s (x2 over 20s)  kubelet            Failed to pull image "nginx:jasmin-poc-tag-does-not-exist": rpc error: code = NotFound desc = failed to pull and unpack image "docker.io/library/nginx:jasmin-poc-tag-does-not-exist": failed to resolve reference "docker.io/library/nginx:jasmin-poc-tag-does-not-exist": docker.io/library/nginx:jasmin-poc-tag-does-not-exist: not found
  Warning  Failed     5s (x2 over 20s)  kubelet            Error: ErrImagePull


Name:             jasmin-sample-7bc49bb68d-76lwx
Namespace:        jasmin-poc
Priority:         0
Service Account:  default
Node:             lima-jasmin-poc-test/192.168.5.15
Start Time:       Thu, 01 Oct 2026 21:41:18 +0900
Labels:           app=jasmin-sample
                  pod-template-hash=7bc49bb68d
Annotations:      kubectl.kubernetes.io/restartedAt: 2026-10-01T21:40:34+09:00
Status:           Running
IP:               10.42.0.18
IPs:
  IP:           10.42.0.18
Controlled By:  ReplicaSet/jasmin-sample-7bc49bb68d
Containers:
  nginx:
    Container ID:   containerd://731902bef3f8957dbc9d1ea543db219b9ed259e7e0a759a865103a13ba58c1b3
    Image:          nginx:1.28.0-alpine
    Image ID:       docker.io/library/nginx@sha256:30f1c0d78e0ad60901648be663a710bdadf19e4c10ac6782c235200619158284
    Port:           80/TCP (http)
    Host Port:      0/TCP (http)
    State:          Running
      Started:      Thu, 01 Oct 2026 21:41:18 +0900
    Ready:          True
    Restart Count:  0
    Limits:
      cpu:     500m
      memory:  128Mi
    Requests:
      cpu:        50m
      memory:     32Mi
    Liveness:     http-get http://:http/ delay=10s timeout=1s period=10s #success=1 #failure=3
    Readiness:    http-get http://:http/ delay=2s timeout=1s period=3s #success=1 #failure=3
    Environment:  <none>
    Mounts:
      /usr/share/nginx/html from html (ro)
      /var/run/secrets/kubernetes.io/serviceaccount from kube-api-access-v2sl5 (ro)
Conditions:
  Type                        Status
  PodReadyToStartContainers   True 
  Initialized                 True 
  Ready                       True 
  ContainersReady             True 
  PodScheduled                True 
Volumes:
  html:
    Type:      ConfigMap (a volume populated by a ConfigMap)
    Name:      jasmin-sample-html
    Optional:  false
  kube-api-access-v2sl5:
    Type:                    Projected (a volume that contains injected data from multiple sources)
    TokenExpirationSeconds:  3607
    ConfigMapName:           kube-root-ca.crt
    Optional:                false
    DownwardAPI:             true
QoS Class:                   Burstable
Node-Selectors:              <none>
Tolerations:                 node.kubernetes.io/not-ready:NoExecute op=Exists for 300s
                             node.kubernetes.io/unreachable:NoExecute op=Exists for 300s
Events:
  Type    Reason     Age   From               Message
  ----    ------     ----  ----               -------
  Normal  Scheduled  50s   default-scheduler  Successfully assigned jasmin-poc/jasmin-sample-7bc49bb68d-76lwx to lima-jasmin-poc-test
  Normal  Pulled     50s   kubelet            Container image "nginx:1.28.0-alpine" already present on machine
  Normal  Created    50s   kubelet            Created container: nginx
  Normal  Started    50s   kubelet            Started container nginx
jasmin-poc    73s         Normal    SuccessfulCreate                 replicaset/jasmin-sample-8596b8c989   Created pod: jasmin-sample-8596b8c989-gvvmj
jasmin-poc    65s         Normal    Pulled                           pod/jasmin-sample-8596b8c989-gvvmj    Successfully pulled image "nginx:1.28.1-alpine" in 7.903s (7.903s including waiting). Image size: 25733545 bytes.
jasmin-poc    65s         Normal    Created                          pod/jasmin-sample-8596b8c989-gvvmj    Created container: nginx
jasmin-poc    65s         Normal    Started                          pod/jasmin-sample-8596b8c989-gvvmj    Started container nginx
jasmin-poc    60s         Normal    Killing                          pod/jasmin-sample-7bc49bb68d-t99sb    Stopping container nginx
jasmin-poc    60s         Normal    SuccessfulDelete                 replicaset/jasmin-sample-7bc49bb68d   Deleted pod: jasmin-sample-7bc49bb68d-t99sb
jasmin-poc    60s         Normal    ScalingReplicaSet                deployment/jasmin-sample              Scaled down replica set jasmin-sample-7bc49bb68d from 1 to 0
jasmin-poc    50s         Normal    Pulled                           pod/jasmin-sample-7bc49bb68d-76lwx    Container image "nginx:1.28.0-alpine" already present on machine
jasmin-poc    50s         Normal    Created                          pod/jasmin-sample-7bc49bb68d-76lwx    Created container: nginx
jasmin-poc    50s         Normal    Started                          pod/jasmin-sample-7bc49bb68d-76lwx    Started container nginx
jasmin-poc    50s         Normal    SuccessfulCreate                 replicaset/jasmin-sample-7bc49bb68d   Created pod: jasmin-sample-7bc49bb68d-76lwx
jasmin-poc    50s         Normal    ScalingReplicaSet                deployment/jasmin-sample              Scaled up replica set jasmin-sample-7bc49bb68d from 0 to 1
jasmin-poc    45s         Normal    SuccessfulDelete                 replicaset/jasmin-sample-8596b8c989   Deleted pod: jasmin-sample-8596b8c989-gvvmj
jasmin-poc    45s         Normal    SuccessfulCreate                 replicaset/jasmin-sample-7767ccf5bd   Created pod: jasmin-sample-7767ccf5bd-sz4fj
jasmin-poc    45s         Normal    Killing                          pod/jasmin-sample-8596b8c989-gvvmj    Stopping container nginx
jasmin-poc    31s         Warning   Failed                           pod/jasmin-sample-7767ccf5bd-sz4fj    Error: InvalidImageName
jasmin-poc    31s         Warning   InspectFailed                    pod/jasmin-sample-7767ccf5bd-sz4fj    Failed to apply default image tag "invalid@@@": couldn't parse image name "invalid@@@": invalid reference format
jasmin-poc    23s         Normal    SuccessfulDelete                 replicaset/jasmin-sample-7767ccf5bd   Deleted pod: jasmin-sample-7767ccf5bd-sz4fj
jasmin-poc    22s         Normal    ScalingReplicaSet                deployment/jasmin-sample              (combined from similar events): Scaled up replica set jasmin-sample-745d6b88c7 from 0 to 1
jasmin-poc    21s         Normal    SuccessfulCreate                 replicaset/jasmin-sample-745d6b88c7   Created pod: jasmin-sample-745d6b88c7-8h4k6
jasmin-poc    19s         Warning   Failed                           pod/jasmin-sample-745d6b88c7-8h4k6    Error: ImagePullBackOff
jasmin-poc    19s         Normal    BackOff                          pod/jasmin-sample-745d6b88c7-8h4k6    Back-off pulling image "nginx:jasmin-poc-tag-does-not-exist"
jasmin-poc    6s          Normal    Pulling                          pod/jasmin-sample-745d6b88c7-8h4k6    Pulling image "nginx:jasmin-poc-tag-does-not-exist"
jasmin-poc    5s          Warning   Failed                           pod/jasmin-sample-745d6b88c7-8h4k6    Error: ErrImagePull
jasmin-poc    5s          Warning   Failed                           pod/jasmin-sample-745d6b88c7-8h4k6    Failed to pull image "nginx:jasmin-poc-tag-does-not-exist": rpc error: code = NotFound desc = failed to pull and unpack image "docker.io/library/nginx:jasmin-poc-tag-does-not-exist": failed to resolve reference "docker.io/library/nginx:jasmin-poc-tag-does-not-exist": docker.io/library/nginx:jasmin-poc-tag-does-not-exist: not found
[2026-10-01T12:42:08Z] [verify] 진단: journalctl -u k3s -n 100; k3s kubectl get pods -A -o wide; k3s kubectl get events -A --sort-by=.lastTimestamp
