[33m    /¯¯\
[36m /¯¯[33m\__/[32m¯¯\[0m    Cilium:             [32mOK[0m
[36m \__[31m/¯¯\[32m__/[0m    Operator:           [32mOK[0m
[32m /¯¯[31m\__/[35m¯¯\[0m    Envoy DaemonSet:    [32mOK[0m
[32m \__[34m/¯¯\[35m__/[0m    Hubble Relay:       [36mdisabled[0m
[34m[34m[34m    \__/[0m       ClusterMesh:        [36mdisabled[0m

DaemonSet              cilium                   Desired: 1, Ready: [32m1/1[0m, Available: [32m1/1[0m
DaemonSet              cilium-envoy             Desired: 1, Ready: [32m1/1[0m, Available: [32m1/1[0m
Deployment             cilium-operator          Desired: 1, Ready: [32m1/1[0m, Available: [32m1/1[0m
Containers:            cilium                   Running: [32m1[0m
                       cilium-envoy             Running: [32m1[0m
                       cilium-operator          Running: [32m1[0m
                       clustermesh-apiserver    
                       hubble-relay             
Cluster Pods:          2/2 managed by Cilium
Helm chart version:    1.20.2
Image versions         cilium             quay.io/cilium/cilium:v1.20.2@sha256:2939231d0d3e3ebddcd80fffa168b7ddcc78fdf0dc864d1c8c126ff523c54f01: 1
                       cilium-envoy       quay.io/cilium/cilium-envoy:v1.37.6-1789133542-cbec91f666af0bf742da986d43832932dbb26b82@sha256:af7382699576b9e65e9184efa52eeca0b58aea70ad6e511bf260c91d9f740463: 1
                       cilium-operator    quay.io/cilium/operator-generic:v1.20.2@sha256:64d8798350e8569b8e7622563fed6e44dce2625f311e4651b774816516c744fc: 1
node/lima-jasmin-poc-test condition met
deployment "jasmin-sample" successfully rolled out
[2026-10-01T12:46:22Z] [verify] Pod → DNS → ClusterIP Service → nginx 네트워크 확인
[2026-10-01T12:46:22Z] [verify] HTTP 확인: http://192.168.5.15:30080/
[2026-10-01T12:46:22Z] [verify] PASS: HTTP 200 + Jasmin 응답 본문 (http://192.168.5.15:30080/)
[2026-10-01T12:46:22Z] [verify] 외부 클라이언트에서 실행: curl --noproxy '*' -i http://192.168.5.15:30080/
[2026-10-01T12:46:22Z] [verify] 이 서버에서의 curl 성공은 외부 방화벽/NAT 통과를 증명하지 않습니다.
