[33m    /¯¯\
[36m /¯¯[33m\__/[32m¯¯\[0m    Cilium:             [32mOK[0m
[36m \__[31m/¯¯\[32m__/[0m    Operator:           [32mOK[0m
[32m /¯¯[31m\__/[35m¯¯\[0m    Envoy DaemonSet:    [32mOK[0m
[32m \__[34m/¯¯\[35m__/[0m    Hubble Relay:       [36mdisabled[0m
[34m[34m[34m    \__/[0m       ClusterMesh:        [36mdisabled[0m

DaemonSet              cilium                   Desired: 1, Ready: [32m1/1[0m, Available: [32m1/1[0m
DaemonSet              cilium-envoy             Desired: 1, Ready: [32m1/1[0m, Available: [32m1/1[0m
Deployment             cilium-operator          Desired: 1, Ready: [32m1/1[0m, Available: [32m1/1[0m
Containers:            cilium                   Running: [32m1[0m
                       cilium-envoy             Running: [32m1[0m
                       cilium-operator          Running: [32m1[0m
                       clustermesh-apiserver    
                       hubble-relay             
Cluster Pods:          2/2 managed by Cilium
Helm chart version:    1.20.2
Image versions         cilium             quay.io/cilium/cilium:v1.20.2@sha256:2939231d0d3e3ebddcd80fffa168b7ddcc78fdf0dc864d1c8c126ff523c54f01: 1
                       cilium-envoy       quay.io/cilium/cilium-envoy:v1.37.6-1789133542-cbec91f666af0bf742da986d43832932dbb26b82@sha256:af7382699576b9e65e9184efa52eeca0b58aea70ad6e511bf260c91d9f740463: 1
                       cilium-operator    quay.io/cilium/operator-generic:v1.20.2@sha256:64d8798350e8569b8e7622563fed6e44dce2625f311e4651b774816516c744fc: 1
node/lima-jasmin-poc-test condition met
deployment "jasmin-sample" successfully rolled out
[2026-10-01T12:42:10Z] [verify] Pod → DNS → ClusterIP Service → nginx 네트워크 확인
[2026-10-01T12:42:33Z] [verify] ERROR: 클러스터 내부 DNS/Service HTTP 확인 시간 초과
[2026-10-01T12:42:33Z] [verify] FAILED: 단계=verify, exit=1. 원인을 해결한 뒤 install.sh를 다시 실행하세요.
[2026-10-01T12:42:33Z] [verify] 실패 원인 진단: Pod 상태·Service·최근 이벤트
NAMESPACE     NAME                             READY   STATUS    RESTARTS   AGE     IP             NODE                   NOMINATED NODE   READINESS GATES
jasmin-poc    jasmin-sample-7bc49bb68d-76lwx   1/1     Running   0          75s     10.42.0.18     lima-jasmin-poc-test   <none>           <none>
kube-system   cilium-envoy-gh728               1/1     Running   0          8m59s   192.168.5.15   lima-jasmin-poc-test   <none>           <none>
kube-system   cilium-h9xjg                     1/1     Running   0          8m59s   192.168.5.15   lima-jasmin-poc-test   <none>           <none>
kube-system   cilium-operator-7dcb85f7-gcbq7   1/1     Running   0          8m59s   192.168.5.15   lima-jasmin-poc-test   <none>           <none>
kube-system   coredns-fddcf74bb-fq9ff          1/1     Running   0          9m1s    10.42.0.161    lima-jasmin-poc-test   <none>           <none>
NAME                    TYPE       CLUSTER-IP     EXTERNAL-IP   PORT(S)        AGE     SELECTOR
service/jasmin-sample   NodePort   10.43.85.147   <none>        80:30080/TCP   6m14s   app=jasmin-sample

NAME                                                 ADDRESSTYPE   PORTS   ENDPOINTS    AGE
endpointslice.discovery.k8s.io/jasmin-sample-fwxps   IPv4          81      10.42.0.18   6m14s
Name:             jasmin-sample-7bc49bb68d-76lwx
Namespace:        jasmin-poc
Priority:         0
Service Account:  default
Node:             lima-jasmin-poc-test/192.168.5.15
Start Time:       Thu, 01 Oct 2026 21:41:18 +0900
Labels:           app=jasmin-sample
                  pod-template-hash=7bc49bb68d
Annotations:      kubectl.kubernetes.io/restartedAt: 2026-10-01T21:40:34+09:00
Status:           Running
IP:               10.42.0.18
IPs:
  IP:           10.42.0.18
Controlled By:  ReplicaSet/jasmin-sample-7bc49bb68d
Containers:
  nginx:
    Container ID:   containerd://731902bef3f8957dbc9d1ea543db219b9ed259e7e0a759a865103a13ba58c1b3
    Image:          nginx:1.28.0-alpine
    Image ID:       docker.io/library/nginx@sha256:30f1c0d78e0ad60901648be663a710bdadf19e4c10ac6782c235200619158284
    Port:           80/TCP (http)
    Host Port:      0/TCP (http)
    State:          Running
      Started:      Thu, 01 Oct 2026 21:41:18 +0900
    Ready:          True
    Restart Count:  0
    Limits:
      cpu:     500m
      memory:  128Mi
    Requests:
      cpu:        50m
      memory:     32Mi
    Liveness:     http-get http://:http/ delay=10s timeout=1s period=10s #success=1 #failure=3
    Readiness:    http-get http://:http/ delay=2s timeout=1s period=3s #success=1 #failure=3
    Environment:  <none>
    Mounts:
      /usr/share/nginx/html from html (ro)
      /var/run/secrets/kubernetes.io/serviceaccount from kube-api-access-v2sl5 (ro)
Conditions:
  Type                        Status
  PodReadyToStartContainers   True 
  Initialized                 True 
  Ready                       True 
  ContainersReady             True 
  PodScheduled                True 
Volumes:
  html:
    Type:      ConfigMap (a volume populated by a ConfigMap)
    Name:      jasmin-sample-html
    Optional:  false
  kube-api-access-v2sl5:
    Type:                    Projected (a volume that contains injected data from multiple sources)
    TokenExpirationSeconds:  3607
    ConfigMapName:           kube-root-ca.crt
    Optional:                false
    DownwardAPI:             true
QoS Class:                   Burstable
Node-Selectors:              <none>
Tolerations:                 node.kubernetes.io/not-ready:NoExecute op=Exists for 300s
                             node.kubernetes.io/unreachable:NoExecute op=Exists for 300s
Events:
  Type    Reason     Age   From               Message
  ----    ------     ----  ----               -------
  Normal  Scheduled  76s   default-scheduler  Successfully assigned jasmin-poc/jasmin-sample-7bc49bb68d-76lwx to lima-jasmin-poc-test
  Normal  Pulled     76s   kubelet            Container image "nginx:1.28.0-alpine" already present on machine
  Normal  Created    76s   kubelet            Created container: nginx
  Normal  Started    76s   kubelet            Started container nginx
jasmin-poc    91s         Normal    Pulled                           pod/jasmin-sample-8596b8c989-gvvmj    Successfully pulled image "nginx:1.28.1-alpine" in 7.903s (7.903s including waiting). Image size: 25733545 bytes.
jasmin-poc    91s         Normal    Created                          pod/jasmin-sample-8596b8c989-gvvmj    Created container: nginx
jasmin-poc    91s         Normal    Started                          pod/jasmin-sample-8596b8c989-gvvmj    Started container nginx
jasmin-poc    86s         Normal    SuccessfulDelete                 replicaset/jasmin-sample-7bc49bb68d   Deleted pod: jasmin-sample-7bc49bb68d-t99sb
jasmin-poc    86s         Normal    ScalingReplicaSet                deployment/jasmin-sample              Scaled down replica set jasmin-sample-7bc49bb68d from 1 to 0
jasmin-poc    86s         Normal    Killing                          pod/jasmin-sample-7bc49bb68d-t99sb    Stopping container nginx
jasmin-poc    76s         Normal    ScalingReplicaSet                deployment/jasmin-sample              Scaled up replica set jasmin-sample-7bc49bb68d from 0 to 1
jasmin-poc    76s         Normal    Pulled                           pod/jasmin-sample-7bc49bb68d-76lwx    Container image "nginx:1.28.0-alpine" already present on machine
jasmin-poc    76s         Normal    SuccessfulCreate                 replicaset/jasmin-sample-7bc49bb68d   Created pod: jasmin-sample-7bc49bb68d-76lwx
jasmin-poc    76s         Normal    Started                          pod/jasmin-sample-7bc49bb68d-76lwx    Started container nginx
jasmin-poc    76s         Normal    Created                          pod/jasmin-sample-7bc49bb68d-76lwx    Created container: nginx
jasmin-poc    71s         Normal    Killing                          pod/jasmin-sample-8596b8c989-gvvmj    Stopping container nginx
jasmin-poc    71s         Normal    SuccessfulCreate                 replicaset/jasmin-sample-7767ccf5bd   Created pod: jasmin-sample-7767ccf5bd-sz4fj
jasmin-poc    71s         Normal    SuccessfulDelete                 replicaset/jasmin-sample-8596b8c989   Deleted pod: jasmin-sample-8596b8c989-gvvmj
jasmin-poc    57s         Warning   Failed                           pod/jasmin-sample-7767ccf5bd-sz4fj    Error: InvalidImageName
jasmin-poc    57s         Warning   InspectFailed                    pod/jasmin-sample-7767ccf5bd-sz4fj    Failed to apply default image tag "invalid@@@": couldn't parse image name "invalid@@@": invalid reference format
jasmin-poc    49s         Normal    SuccessfulDelete                 replicaset/jasmin-sample-7767ccf5bd   Deleted pod: jasmin-sample-7767ccf5bd-sz4fj
jasmin-poc    47s         Normal    SuccessfulCreate                 replicaset/jasmin-sample-745d6b88c7   Created pod: jasmin-sample-745d6b88c7-8h4k6
jasmin-poc    45s         Normal    BackOff                          pod/jasmin-sample-745d6b88c7-8h4k6    Back-off pulling image "nginx:jasmin-poc-tag-does-not-exist"
jasmin-poc    45s         Warning   Failed                           pod/jasmin-sample-745d6b88c7-8h4k6    Error: ImagePullBackOff
jasmin-poc    32s         Normal    Pulling                          pod/jasmin-sample-745d6b88c7-8h4k6    Pulling image "nginx:jasmin-poc-tag-does-not-exist"
jasmin-poc    31s         Warning   Failed                           pod/jasmin-sample-745d6b88c7-8h4k6    Error: ErrImagePull
jasmin-poc    31s         Warning   Failed                           pod/jasmin-sample-745d6b88c7-8h4k6    Failed to pull image "nginx:jasmin-poc-tag-does-not-exist": rpc error: code = NotFound desc = failed to pull and unpack image "docker.io/library/nginx:jasmin-poc-tag-does-not-exist": failed to resolve reference "docker.io/library/nginx:jasmin-poc-tag-does-not-exist": docker.io/library/nginx:jasmin-poc-tag-does-not-exist: not found
jasmin-poc    25s         Normal    SuccessfulDelete                 replicaset/jasmin-sample-745d6b88c7   Deleted pod: jasmin-sample-745d6b88c7-8h4k6
jasmin-poc    25s         Normal    ScalingReplicaSet                deployment/jasmin-sample              (combined from similar events): Scaled down replica set jasmin-sample-745d6b88c7 from 1 to 0
[2026-10-01T12:42:34Z] [verify] 진단: journalctl -u k3s -n 100; k3s kubectl get pods -A -o wide; k3s kubectl get events -A --sort-by=.lastTimestamp
